---
source: tests/cli_tests.rs
expression: cleaned_stderr(&output)
---
error: TOML parse error at line 2, column 1
         |
       2 | mystery = true
         | ^^^^^^^
       unknown field `mystery`, expected one of `schema`, `graph`, `internal`, `manifest`, `rules`
       
 --> <ROOT>/tests/fixtures/ws-config-errors/unknown-key.toml:2:1
  |
2 | mystery = true
  | ^^^^^^^^^^^^^^ here
